> library(faraway)
library(caret)
> library(caret)
> set.seed(13245) #use this seed
> head(cars,1L)
  speed dist
1     4    2
> attach(cars) #n=50
> cars <- cars[order(dist),]
> cars
> plot(x=cars$dist,y=cars$speed)
> poly4<- lm(speed~dist+I(dist^2)+I(dist^3)+I(dist^4), data=cars)
> summary(poly4) #summary of results from fitting a polynomial of degree 4

> plot(x=cars$dist,y=cars$speed)
> lines(x=cars$dist,y=poly4$fitted, type="l", col="red")
> train.control <- trainControl(method = "cv", number = 5)
> CVpoly4 <- train(speed~dist+I(dist^2)+I(dist^3)+I(dist^4),data = cars, method = "lm",
+ trControl = train.control)
> print(CVpoly4)
Linear Regression 

50 samples
 1 predictor

No pre-processing
Resampling: Cross-Validated (5 fold) 
Summary of sample sizes: 40, 40, 39, 41, 40 
Resampling results:

  RMSE      Rsquared   MAE     
  5.182876  0.6467857  3.223731

Tuning parameter 'intercept' was held constant at a value of TRUE
> CVpoly4 <- train(speed~dist+I(dist^2)+I(dist^3)),data = cars, method = "lm",
Error: unexpected ',' in "CVpoly4 <- train(speed~dist+I(dist^2)+I(dist^3)),"
> CVpoly4 <- train(speed~dist+I(dist^2)+I(dist^3),data = cars, method = "lm",
+ trControl = train.control)
> print(CVpoly4)
Linear Regression 

50 samples
 1 predictor

No pre-processing
Resampling: Cross-Validated (5 fold) 
Summary of sample sizes: 40, 40, 40, 40, 40 
Resampling results:

  RMSE      Rsquared   MAE     
  3.069042  0.6676568  2.562843

Tuning parameter 'intercept' was held constant at a value of TRUE
> CVpoly4 <- train(speed~dist+I(dist^2),data = cars, method = "lm",
+ trControl = train.control)
> print(CVpoly4)
Linear Regression 

50 samples
 1 predictor

No pre-processing
Resampling: Cross-Validated (5 fold) 
Summary of sample sizes: 41, 39, 39, 41, 40 
Resampling results:

  RMSE      Rsquared   MAE    
  2.868038  0.7530303  2.44368

Tuning parameter 'intercept' was held constant at a value of TRUE
> CVpoly4 <- train(speed~dist,data = cars, method = "lm",
+ trControl = train.control)
> print(CVpoly4)
Linear Regression 

50 samples
 1 predictor

No pre-processing
Resampling: Cross-Validated (5 fold) 
Summary of sample sizes: 40, 40, 41, 40, 39 
Resampling results:

  RMSE     Rsquared   MAE     
  3.31362  0.6510051  2.687271

Tuning parameter 'intercept' was held constant at a value of TRUE
> if(FALSE){
    "The polynomial with a degree of 2 seems to be the best suited model for our data, this is because
    the R-Squared value is the highest while keeping the Mean Square Error to a minimum. The results
    from the other models seemed to suffer from overfitting the data which causes an increased Error
    value."
}